<Text>
  <Sentence>
    <Arg0>
      <NP0>
        <N0>patre</N0>
        <AdjP0>
          <Adj0>nostrel</Adj0>
        </AdjP0>
      </NP0>
    </Arg0>
  </Sentence>
  <ConjSent>e</ConjSent>
  <Sentence>
    <Arg0>
      <NP0>
        <N0>quie</N0>
      </NP0>
    </Arg0>
    <VP>
      <V>es</V>
    </VP>
    <AdvP0>
      <Prep>in</Prep>
      <Arg0>
        <Art>le</Art>
        <NP0>
          <N0>celes</N0>
        </NP0>
      </Arg0>
    </AdvP0>
  </Sentence>
  <ConjSent>que</ConjSent>
  <Sentence>
    <Arg0>
      <NP0>
        <N0>nomine</N0>
        <AdjP0>
          <Adj0>tuel</Adj0>
        </AdjP0>
      </NP0>
    </Arg0>
    <VP>
      <ImperativePassiveAuxV>sia</ImperativePassiveAuxV>
      <PtcpPast0>sanctificata</PtcpPast0>
    </VP>
  </Sentence>
  <ConjSent>que</ConjSent>
  <Sentence>
    <Arg0>
      <NP0>
        <N0>regne</N0>
        <AdjP0>
          <Adj0>tuel</Adj0>
        </AdjP0>
      </NP0>
    </Arg0>
    <VP>
      <V>venit</V>
    </VP>
  </Sentence>
  <ConjSent>que</ConjSent>
  <Sentence>
    <Arg0>
      <NP0>
        <N0>voluntate</N0>
        <AdjP0>
          <Adj0>tuel</Adj0>
        </AdjP0>
      </NP0>
    </Arg0>
    <VP>
      <ImperativePassiveAuxV>sia</ImperativePassiveAuxV>
      <PtcpPast0>facita</PtcpPast0>
    </VP>
    <AdvP0>
      <Prep>in</Prep>
      <Arg0>
        <Art>le</Art>
        <NP0>
          <N0>cele</N0>
          <AdvP1>
            <Adv1>comim</Adv1>
          </AdvP1>
        </NP0>
      </Arg0>
      <ConjAdv0>emga</ConjAdv0>
      <Prep>super</Prep>
      <Arg0>
        <Art>le</Art>
        <NP0>
          <N0>terre</N0>
          <AdvP1>
            <Adv1>etiamim</Adv1>
          </AdvP1>
        </NP0>
      </Arg0>
    </AdvP0>
  </Sentence>
  <ConjSent>e</ConjSent>
  <Sentence>
    <VP>
      <V>dan</V>
    </VP>
    <Arg0>
      <NP0>
        <N0>nose</N0>
      </NP0>
    </Arg0>
    <AdvP0>
      <Adv0>hodiem</Adv0>
    </AdvP0>
    <Arg0>
      <NP0>
        <N0>pane</N0>
        <AdjP0>
          <Adj0>nostrel</Adj0>
          <Adj0>quotidianel</Adj0>
        </AdjP0>
      </NP0>
    </Arg0>
  </Sentence>
  <ConjSent>e</ConjSent>
  <Sentence>
    <VP>
      <V>pardonan</V>
    </VP>
    <AdvP0>
      <Prep>a</Prep>
      <Arg0>
        <NP0>
          <N0>nose</N0>
        </NP0>
      </Arg0>
    </AdvP0>
    <Arg0>
      <NP0>
        <N0>debites</N0>
        <AdjP0>
          <Adj0>nostrel</Adj0>
        </AdjP0>
      </NP0>
    </Arg0>
  </Sentence>
  <ConjSent>e</ConjSent>
  <Sentence>
    <AdvP0>
      <Adv0>comem</Adv0>
      <AdvP1>
        <Adv1>etiamim</Adv1>
      </AdvP1>
    </AdvP0>
    <Arg0>
      <NP0>
        <N0>nose</N0>
      </NP0>
    </Arg0>
    <Arg0>
      <NP0>
        <N0>lose</N0>
      </NP0>
    </Arg0>
    <VP>
      <V>pardonat</V>
    </VP>
    <AdvP0>
      <Prep>a</Prep>
      <Arg0>
        <NP0>
          <N0>debitores</N0>
          <AdjP0>
            <Adj0>nostrel</Adj0>
          </AdjP0>
        </NP0>
      </Arg0>
    </AdvP0>
  </Sentence>
  <ConjSent>e</ConjSent>
  <Sentence>
    <VP>
      <Negation>non</Negation>
      <V>inducen</V>
    </VP>
    <Arg0>
      <NP0>
        <N0>nose</N0>
      </NP0>
    </Arg0>
    <AdvP0>
      <Prep>in</Prep>
      <Arg0>
        <NP0>
          <N0>tentatione</N0>
        </NP0>
      </Arg0>
    </AdvP0>
  </Sentence>
  <ConjSent>sed</ConjSent>
  <Sentence>
    <VP>
      <V>liberan</V>
    </VP>
    <Arg0>
      <NP0>
        <N0>nose</N0>
      </NP0>
    </Arg0>
    <AdvP0>
      <Prep>de</Prep>
      <Arg0>
        <Art>le</Art>
        <NP0>
          <N0>male</N0>
        </NP0>
      </Arg0>
    </AdvP0>
  </Sentence>
  <ConjSent>e</ConjSent>
  <Sentence>
    <Interj>amen</Interj>
  </Sentence>
</Text>

